@!@!@STARTMSG 2262:0 @!@!@
TLC2 Version 2.19 of 08 August 2024 (rev: 5a47802)
@!@!@ENDMSG 2262 @!@!@
@!@!@STARTMSG 2187:0 @!@!@
Running breadth-first search Model-Checking with fp 68 and seed -2189898469221671697 with 6 workers on 12 cores with 1211MB heap and 2721MB offheap memory [pid: 13988] (Windows 10 10.0 amd64, AdoptOpenJDK 14.0.1 x86_64, OffHeapDiskFPSet, DiskStateQueue).
@!@!@ENDMSG 2187 @!@!@
@!@!@STARTMSG 2220:0 @!@!@
Starting SANY...
@!@!@ENDMSG 2220 @!@!@
Parsing file C:\Users\wgabo\Code\tla\PaxosCommit.toolbox\Model_1\MC.tla
Parsing file C:\Users\wgabo\Code\tla\PaxosCommit.toolbox\Model_1\PaxosCommit.tla
Parsing file C:\Users\wgabo\AppData\Local\Programs\TLAToolbox-1.7.4\plugins\org.lamport.tlatools_1.0.0.202408081326\tla2sany\StandardModules\TLC.tla
Parsing file C:\Users\wgabo\AppData\Local\Programs\TLAToolbox-1.7.4\plugins\org.lamport.tlatools_1.0.0.202408081326\tla2sany\StandardModules\Integers.tla
Parsing file C:\Users\wgabo\AppData\Local\Programs\TLAToolbox-1.7.4\plugins\org.lamport.tlatools_1.0.0.202408081326\tla2sany\StandardModules\Naturals.tla
Parsing file C:\Users\wgabo\Code\tla\PaxosCommit.toolbox\Model_1\TCommit.tla
Parsing file C:\Users\wgabo\AppData\Local\Programs\TLAToolbox-1.7.4\plugins\org.lamport.tlatools_1.0.0.202408081326\tla2sany\StandardModules\Sequences.tla
Parsing file C:\Users\wgabo\AppData\Local\Programs\TLAToolbox-1.7.4\plugins\org.lamport.tlatools_1.0.0.202408081326\tla2sany\StandardModules\FiniteSets.tla
Semantic processing of module Naturals
Semantic processing of module Integers
Semantic processing of module TCommit
Semantic processing of module PaxosCommit
Semantic processing of module Sequences
Semantic processing of module FiniteSets
Semantic processing of module TLC
Semantic processing of module MC
@!@!@STARTMSG 2219:0 @!@!@
SANY finished.
@!@!@ENDMSG 2219 @!@!@
@!@!@STARTMSG 2185:0 @!@!@
Starting... (2026-09-19 15:07:04)
@!@!@ENDMSG 2185 @!@!@
@!@!@STARTMSG 2189:0 @!@!@
Computing initial states...
@!@!@ENDMSG 2189 @!@!@
@!@!@STARTMSG 2190:0 @!@!@
Finished computing initial states: 1 distinct state generated at 2026-09-19 15:07:04.
@!@!@ENDMSG 2190 @!@!@
@!@!@STARTMSG 2200:0 @!@!@
Progress(17) at 2026-09-19 15:07:08: 446,278 states generated (446,278 s/min), 52,456 distinct states found (52,456 ds/min), 14,565 states left on queue.
@!@!@ENDMSG 2200 @!@!@
@!@!@STARTMSG 2193:0 @!@!@
Model checking completed. No error has been found.
  Estimates of the probability that TLC did not check all reachable states
  because two distinct states had the same fingerprint:
  calculated (optimistic):  val = 9.3E-9
  based on the actual fingerprints:  val = 7.0E-10
@!@!@ENDMSG 2193 @!@!@
@!@!@STARTMSG 2201:0 @!@!@
The coverage statistics at 2026-09-19 15:07:17
@!@!@ENDMSG 2201 @!@!@
@!@!@STARTMSG 2773:0 @!@!@
<PCInit line 97, col 1 to line 97, col 6 of module PaxosCommit>: 1:1
@!@!@ENDMSG 2773 @!@!@
@!@!@STARTMSG 2221:0 @!@!@
  line 98, col 3 to line 102, col 14 of module PaxosCommit: 1
@!@!@ENDMSG 2221 @!@!@
@!@!@STARTMSG 2772:0 @!@!@
<RMPrepare line 115, col 1 to line 115, col 12 of module PaxosCommit>: 4:10850
@!@!@ENDMSG 2772 @!@!@
@!@!@STARTMSG 2221:0 @!@!@
  line 120, col 6 to line 120, col 27 of module PaxosCommit: 250834
@!@!@ENDMSG 2221 @!@!@
@!@!@STARTMSG 2221:0 @!@!@
  |line 120, col 6 to line 120, col 15 of module PaxosCommit: 239984
@!@!@ENDMSG 2221 @!@!@
@!@!@STARTMSG 2221:0 @!@!@
  line 121, col 6 to line 121, col 50 of module PaxosCommit: 10850
@!@!@ENDMSG 2221 @!@!@
@!@!@STARTMSG 2221:0 @!@!@
  line 122, col 6 to line 122, col 73 of module PaxosCommit: 10850
@!@!@ENDMSG 2221 @!@!@
@!@!@STARTMSG 2221:0 @!@!@
  line 123, col 6 to line 123, col 21 of module PaxosCommit: 10850
@!@!@ENDMSG 2221 @!@!@
@!@!@STARTMSG 2772:0 @!@!@
<RMChooseToAbort line 125, col 1 to line 125, col 18 of module PaxosCommit>: 4:10850
@!@!@ENDMSG 2772 @!@!@
@!@!@STARTMSG 2221:0 @!@!@
  line 131, col 6 to line 131, col 27 of module PaxosCommit: 250834
@!@!@ENDMSG 2221 @!@!@
@!@!@STARTMSG 2221:0 @!@!@
  |line 131, col 6 to line 131, col 15 of module PaxosCommit: 239984
@!@!@ENDMSG 2221 @!@!@
@!@!@STARTMSG 2221:0 @!@!@
  line 132, col 6 to line 132, col 49 of module PaxosCommit: 10850
@!@!@ENDMSG 2221 @!@!@
@!@!@STARTMSG 2221:0 @!@!@
  line 133, col 6 to line 133, col 72 of module PaxosCommit: 10850
@!@!@ENDMSG 2221 @!@!@
@!@!@STARTMSG 2221:0 @!@!@
  line 134, col 6 to line 134, col 21 of module PaxosCommit: 10850
@!@!@ENDMSG 2221 @!@!@
@!@!@STARTMSG 2772:0 @!@!@
<RMRcvCommitMsg line 136, col 1 to line 136, col 17 of module PaxosCommit>: 2663:28538
@!@!@ENDMSG 2772 @!@!@
@!@!@STARTMSG 2221:0 @!@!@
  line 143, col 6 to line 143, col 33 of module PaxosCommit: 268522
@!@!@ENDMSG 2221 @!@!@
@!@!@STARTMSG 2221:0 @!@!@
  |line 143, col 6 to line 143, col 24 of module PaxosCommit: 239984
@!@!@ENDMSG 2221 @!@!@
@!@!@STARTMSG 2221:0 @!@!@
  |line 143, col 30 to line 143, col 33 of module PaxosCommit: 239984
@!@!@ENDMSG 2221 @!@!@
@!@!@STARTMSG 2221:0 @!@!@
  line 144, col 6 to line 144, col 51 of module PaxosCommit: 28538
@!@!@ENDMSG 2221 @!@!@
@!@!@STARTMSG 2221:0 @!@!@
  line 145, col 6 to line 145, col 31 of module PaxosCommit: 28538
@!@!@ENDMSG 2221 @!@!@
@!@!@STARTMSG 2772:0 @!@!@
<RMRcvAbortMsg line 147, col 1 to line 147, col 16 of module PaxosCommit>: 4795:116788
@!@!@ENDMSG 2772 @!@!@
@!@!@STARTMSG 2221:0 @!@!@
  line 152, col 6 to line 152, col 32 of module PaxosCommit: 356772
@!@!@ENDMSG 2221 @!@!@
@!@!@STARTMSG 2221:0 @!@!@
  |line 152, col 6 to line 152, col 23 of module PaxosCommit: 239984
@!@!@ENDMSG 2221 @!@!@
@!@!@STARTMSG 2221:0 @!@!@
  |line 152, col 29 to line 152, col 32 of module PaxosCommit: 239984
@!@!@ENDMSG 2221 @!@!@
@!@!@STARTMSG 2221:0 @!@!@
  line 153, col 6 to line 153, col 49 of module PaxosCommit: 116788
@!@!@ENDMSG 2221 @!@!@
@!@!@STARTMSG 2221:0 @!@!@
  line 154, col 6 to line 154, col 31 of module PaxosCommit: 116788
@!@!@ENDMSG 2221 @!@!@
@!@!@STARTMSG 2772:0 @!@!@
<Phase1a line 164, col 1 to line 164, col 15 of module PaxosCommit>: 13:239984
@!@!@ENDMSG 2772 @!@!@
@!@!@STARTMSG 2221:0 @!@!@
  line 171, col 6 to line 171, col 55 of module PaxosCommit: 239984
@!@!@ENDMSG 2221 @!@!@
@!@!@STARTMSG 2221:0 @!@!@
  line 172, col 6 to line 172, col 34 of module PaxosCommit: 239984
@!@!@ENDMSG 2221 @!@!@
@!@!@STARTMSG 2772:0 @!@!@
<Phase2a line 174, col 1 to line 174, col 15 of module PaxosCommit>: 3219:32550
@!@!@ENDMSG 2772 @!@!@
@!@!@STARTMSG 2221:0 @!@!@
  line 191, col 6 to line 193, col 34 of module PaxosCommit: 260800
@!@!@ENDMSG 2221 @!@!@
@!@!@STARTMSG 2221:0 @!@!@
  |line 191, col 7 to line 193, col 34 of module PaxosCommit: 239984
@!@!@ENDMSG 2221 @!@!@
@!@!@STARTMSG 2221:0 @!@!@
  ||line 191, col 23 to line 193, col 34 of module PaxosCommit: 1649261
@!@!@ENDMSG 2221 @!@!@
@!@!@STARTMSG 2221:0 @!@!@
  |||line 191, col 26 to line 191, col 43 of module PaxosCommit: 1649261
@!@!@ENDMSG 2221 @!@!@
@!@!@STARTMSG 2221:0 @!@!@
  |||line 192, col 26 to line 192, col 36 of module PaxosCommit: 665443
@!@!@ENDMSG 2221 @!@!@
@!@!@STARTMSG 2221:0 @!@!@
  |||line 193, col 26 to line 193, col 34 of module PaxosCommit: 307710
@!@!@ENDMSG 2221 @!@!@
@!@!@STARTMSG 2221:0 @!@!@
  ||line 191, col 16 to line 191, col 19 of module PaxosCommit: 239984
@!@!@ENDMSG 2221 @!@!@
@!@!@STARTMSG 2221:0 @!@!@
  line 203, col 47 to line 203, col 56 of module PaxosCommit: 299644
@!@!@ENDMSG 2221 @!@!@
@!@!@STARTMSG 2221:0 @!@!@
  |line 203, col 47 to line 203, col 51 of module PaxosCommit: 234544
@!@!@ENDMSG 2221 @!@!@
@!@!@STARTMSG 2221:0 @!@!@
  |line 203, col 55 to line 203, col 56 of module PaxosCommit: 234544
@!@!@ENDMSG 2221 @!@!@
@!@!@STARTMSG 2221:0 @!@!@
  line 203, col 40 to line 203, col 43 of module PaxosCommit: 219595
@!@!@ENDMSG 2221 @!@!@
@!@!@STARTMSG 2775:0 @!@!@
  |line 195, col 21 to line 198, col 51 of module PaxosCommit: 219595:454139
@!@!@ENDMSG 2775 @!@!@
@!@!@STARTMSG 2221:0 @!@!@
  ||line 195, col 35 to line 198, col 50 of module PaxosCommit: 2880214
@!@!@ENDMSG 2221 @!@!@
@!@!@STARTMSG 2221:0 @!@!@
  |||line 195, col 38 to line 195, col 55 of module PaxosCommit: 2880214
@!@!@ENDMSG 2221 @!@!@
@!@!@STARTMSG 2221:0 @!@!@
  |||line 196, col 38 to line 196, col 47 of module PaxosCommit: 800028
@!@!@ENDMSG 2221 @!@!@
@!@!@STARTMSG 2221:0 @!@!@
  |||line 197, col 38 to line 197, col 49 of module PaxosCommit: 336994
@!@!@ENDMSG 2221 @!@!@
@!@!@STARTMSG 2221:0 @!@!@
  |||line 198, col 38 to line 198, col 50 of module PaxosCommit: 336994
@!@!@ENDMSG 2221 @!@!@
@!@!@STARTMSG 2221:0 @!@!@
  ||line 195, col 28 to line 195, col 31 of module PaxosCommit: 219595
@!@!@ENDMSG 2221 @!@!@
@!@!@STARTMSG 2221:0 @!@!@
  line 203, col 26 to line 203, col 27 of module PaxosCommit: 142497
@!@!@ENDMSG 2221 @!@!@
@!@!@STARTMSG 2221:0 @!@!@
  line 107, col 12 to line 107, col 32 of module PaxosCommit: 32550
@!@!@ENDMSG 2221 @!@!@
@!@!@STARTMSG 2221:0 @!@!@
  line 204, col 21 to line 204, col 77 of module PaxosCommit: 32550
@!@!@ENDMSG 2221 @!@!@
@!@!@STARTMSG 2221:0 @!@!@
  |line 204, col 42 to line 204, col 50 of module PaxosCommit: 32550
@!@!@ENDMSG 2221 @!@!@
@!@!@STARTMSG 2221:0 @!@!@
  |line 204, col 53 to line 204, col 63 of module PaxosCommit: 32550
@!@!@ENDMSG 2221 @!@!@
@!@!@STARTMSG 2221:0 @!@!@
  |line 204, col 74 to line 204, col 76 of module PaxosCommit: 32550
@!@!@ENDMSG 2221 @!@!@
@!@!@STARTMSG 2221:0 @!@!@
  ||line 200, col 20 to line 202, col 66 of module PaxosCommit: 32550
@!@!@ENDMSG 2221 @!@!@
@!@!@STARTMSG 2221:0 @!@!@
  |||line 200, col 23 to line 200, col 33 of module PaxosCommit: 32550
@!@!@ENDMSG 2221 @!@!@
@!@!@STARTMSG 2221:0 @!@!@
  ||||line 200, col 23 to line 200, col 28 of module PaxosCommit: 32550
@!@!@ENDMSG 2221 @!@!@
@!@!@STARTMSG 2221:0 @!@!@
  |||||line 199, col 23 to line 199, col 51 of module PaxosCommit: 32550
@!@!@ENDMSG 2221 @!@!@
@!@!@STARTMSG 2221:0 @!@!@
  ||||||line 37, col 3 to line 38, col 55 of module PaxosCommit: 32550
@!@!@ENDMSG 2221 @!@!@
@!@!@STARTMSG 2221:0 @!@!@
  |||||||line 37, col 6 to line 37, col 11 of module PaxosCommit: 32550
@!@!@ENDMSG 2221 @!@!@
@!@!@STARTMSG 2221:0 @!@!@
  |||||||line 38, col 18 to line 38, col 55 of module PaxosCommit: 32550
@!@!@ENDMSG 2221 @!@!@
@!@!@STARTMSG 2221:0 @!@!@
  ||||||||line 38, col 35 to line 38, col 55 of module PaxosCommit: 46678
@!@!@ENDMSG 2221 @!@!@
@!@!@STARTMSG 2221:0 @!@!@
  |||||||||line 38, col 48 to line 38, col 55 of module PaxosCommit: 74934
@!@!@ENDMSG 2221 @!@!@
@!@!@STARTMSG 2221:0 @!@!@
  |||||||||line 38, col 44 to line 38, col 44 of module PaxosCommit: 46678
@!@!@ENDMSG 2221 @!@!@
@!@!@STARTMSG 2221:0 @!@!@
  ||||||||line 38, col 31 to line 38, col 31 of module PaxosCommit: 32550
@!@!@ENDMSG 2221 @!@!@
@!@!@STARTMSG 2775:0 @!@!@
  ||||||line 199, col 31 to line 199, col 50 of module PaxosCommit: 32550:168290
@!@!@ENDMSG 2775 @!@!@
@!@!@STARTMSG 2221:0 @!@!@
  |||||||line 199, col 32 to line 199, col 36 of module PaxosCommit: 65100
@!@!@ENDMSG 2221 @!@!@
@!@!@STARTMSG 2221:0 @!@!@
  |||||||line 199, col 46 to line 199, col 49 of module PaxosCommit: 32550
@!@!@ENDMSG 2221 @!@!@
@!@!@STARTMSG 2775:0 @!@!@
  ||||||||line 195, col 21 to line 198, col 51 of module PaxosCommit: 32550:97650
@!@!@ENDMSG 2775 @!@!@
@!@!@STARTMSG 2221:0 @!@!@
  |||||||||line 195, col 35 to line 198, col 50 of module PaxosCommit: 462460
@!@!@ENDMSG 2221 @!@!@
@!@!@STARTMSG 2221:0 @!@!@
  ||||||||||line 195, col 38 to line 195, col 55 of module PaxosCommit: 462460
@!@!@ENDMSG 2221 @!@!@
@!@!@STARTMSG 2221:0 @!@!@
  ||||||||||line 196, col 38 to line 196, col 47 of module PaxosCommit: 151492
@!@!@ENDMSG 2221 @!@!@
@!@!@STARTMSG 2221:0 @!@!@
  ||||||||||line 197, col 38 to line 197, col 49 of module PaxosCommit: 82701
@!@!@ENDMSG 2221 @!@!@
@!@!@STARTMSG 2221:0 @!@!@
  ||||||||||line 198, col 38 to line 198, col 50 of module PaxosCommit: 82701
@!@!@ENDMSG 2221 @!@!@
@!@!@STARTMSG 2221:0 @!@!@
  |||||||||line 195, col 28 to line 195, col 31 of module PaxosCommit: 32550
@!@!@ENDMSG 2221 @!@!@
@!@!@STARTMSG 2221:0 @!@!@
  ||||line 200, col 32 to line 200, col 33 of module PaxosCommit: 32550
@!@!@ENDMSG 2221 @!@!@
@!@!@STARTMSG 2221:0 @!@!@
  |||line 202, col 27 to line 202, col 66 of module PaxosCommit: 24355
@!@!@ENDMSG 2221 @!@!@
@!@!@STARTMSG 2221:0 @!@!@
  ||||line 202, col 28 to line 202, col 61 of module PaxosCommit: 24355
@!@!@ENDMSG 2221 @!@!@
@!@!@STARTMSG 2221:0 @!@!@
  |||||line 202, col 48 to line 202, col 61 of module PaxosCommit: 38483
@!@!@ENDMSG 2221 @!@!@
@!@!@STARTMSG 2221:0 @!@!@
  ||||||line 202, col 48 to line 202, col 52 of module PaxosCommit: 38483
@!@!@ENDMSG 2221 @!@!@
@!@!@STARTMSG 2221:0 @!@!@
  ||||||line 202, col 56 to line 202, col 61 of module PaxosCommit: 38483
@!@!@ENDMSG 2221 @!@!@
@!@!@STARTMSG 2221:0 @!@!@
  |||||||line 199, col 23 to line 199, col 51 of module PaxosCommit: 38483
@!@!@ENDMSG 2221 @!@!@
@!@!@STARTMSG 2221:0 @!@!@
  ||||||||line 37, col 3 to line 38, col 55 of module PaxosCommit: 38483
@!@!@ENDMSG 2221 @!@!@
@!@!@STARTMSG 2221:0 @!@!@
  |||||||||line 37, col 6 to line 37, col 11 of module PaxosCommit: 38483
@!@!@ENDMSG 2221 @!@!@
@!@!@STARTMSG 2221:0 @!@!@
  |||||||||line 38, col 18 to line 38, col 55 of module PaxosCommit: 38483
@!@!@ENDMSG 2221 @!@!@
@!@!@STARTMSG 2221:0 @!@!@
  ||||||||||line 38, col 35 to line 38, col 55 of module PaxosCommit: 66739
@!@!@ENDMSG 2221 @!@!@
@!@!@STARTMSG 2221:0 @!@!@
  |||||||||||line 38, col 48 to line 38, col 55 of module PaxosCommit: 123251
@!@!@ENDMSG 2221 @!@!@
@!@!@STARTMSG 2221:0 @!@!@
  |||||||||||line 38, col 44 to line 38, col 44 of module PaxosCommit: 66739
@!@!@ENDMSG 2221 @!@!@
@!@!@STARTMSG 2221:0 @!@!@
  ||||||||||line 38, col 31 to line 38, col 31 of module PaxosCommit: 38483
@!@!@ENDMSG 2221 @!@!@
@!@!@STARTMSG 2775:0 @!@!@
  ||||||||line 199, col 31 to line 199, col 50 of module PaxosCommit: 38483:256729
@!@!@ENDMSG 2775 @!@!@
@!@!@STARTMSG 2221:0 @!@!@
  |||||||||line 199, col 32 to line 199, col 36 of module PaxosCommit: 76966
@!@!@ENDMSG 2221 @!@!@
@!@!@STARTMSG 2221:0 @!@!@
  |||||||||line 199, col 46 to line 199, col 49 of module PaxosCommit: 38483
@!@!@ENDMSG 2221 @!@!@
@!@!@STARTMSG 2775:0 @!@!@
  ||||||||||line 195, col 21 to line 198, col 51 of module PaxosCommit: 38483:115449
@!@!@ENDMSG 2775 @!@!@
@!@!@STARTMSG 2221:0 @!@!@
  |||||||||||line 195, col 35 to line 198, col 50 of module PaxosCommit: 561188
@!@!@ENDMSG 2221 @!@!@
@!@!@STARTMSG 2221:0 @!@!@
  ||||||||||||line 195, col 38 to line 195, col 55 of module PaxosCommit: 561188
@!@!@ENDMSG 2221 @!@!@
@!@!@STARTMSG 2221:0 @!@!@
  ||||||||||||line 196, col 38 to line 196, col 47 of module PaxosCommit: 178882
@!@!@ENDMSG 2221 @!@!@
@!@!@STARTMSG 2221:0 @!@!@
  ||||||||||||line 197, col 38 to line 197, col 49 of module PaxosCommit: 97681
@!@!@ENDMSG 2221 @!@!@
@!@!@STARTMSG 2221:0 @!@!@
  ||||||||||||line 198, col 38 to line 198, col 50 of module PaxosCommit: 97681
@!@!@ENDMSG 2221 @!@!@
@!@!@STARTMSG 2221:0 @!@!@
  |||||||||||line 195, col 28 to line 195, col 31 of module PaxosCommit: 38483
@!@!@ENDMSG 2221 @!@!@
@!@!@STARTMSG 2221:0 @!@!@
  |||||line 202, col 41 to line 202, col 44 of module PaxosCommit: 24355
@!@!@ENDMSG 2221 @!@!@
@!@!@STARTMSG 2775:0 @!@!@
  ||||||line 195, col 21 to line 198, col 51 of module PaxosCommit: 24355:38483
@!@!@ENDMSG 2775 @!@!@
@!@!@STARTMSG 2221:0 @!@!@
  |||||||line 195, col 35 to line 198, col 50 of module PaxosCommit: 358655
@!@!@ENDMSG 2221 @!@!@
@!@!@STARTMSG 2221:0 @!@!@
  ||||||||line 195, col 38 to line 195, col 55 of module PaxosCommit: 358655
@!@!@ENDMSG 2221 @!@!@
@!@!@STARTMSG 2221:0 @!@!@
  ||||||||line 196, col 38 to line 196, col 47 of module PaxosCommit: 113164
@!@!@ENDMSG 2221 @!@!@
@!@!@STARTMSG 2221:0 @!@!@
  ||||||||line 197, col 38 to line 197, col 49 of module PaxosCommit: 61823
@!@!@ENDMSG 2221 @!@!@
@!@!@STARTMSG 2221:0 @!@!@
  ||||||||line 198, col 38 to line 198, col 50 of module PaxosCommit: 61823
@!@!@ENDMSG 2221 @!@!@
@!@!@STARTMSG 2221:0 @!@!@
  |||||||line 195, col 28 to line 195, col 31 of module PaxosCommit: 24355
@!@!@ENDMSG 2221 @!@!@
@!@!@STARTMSG 2221:0 @!@!@
  line 194, col 16 to line 194, col 23 of module PaxosCommit: 47499
@!@!@ENDMSG 2221 @!@!@
@!@!@STARTMSG 2221:0 @!@!@
  line 205, col 6 to line 205, col 34 of module PaxosCommit: 32550
@!@!@ENDMSG 2221 @!@!@
@!@!@STARTMSG 2772:0 @!@!@
<PCDecide line 207, col 1 to line 207, col 8 of module PaxosCommit>: 5196:268958
@!@!@ENDMSG 2772 @!@!@
@!@!@STARTMSG 2221:0 @!@!@
  line 219, col 29 to line 220, col 73 of module PaxosCommit: 1450258
@!@!@ENDMSG 2221 @!@!@
@!@!@STARTMSG 2221:0 @!@!@
  |line 219, col 29 to line 220, col 64 of module PaxosCommit: 1229124
@!@!@ENDMSG 2221 @!@!@
@!@!@STARTMSG 2221:0 @!@!@
  |line 220, col 70 to line 220, col 73 of module PaxosCommit: 1229124
@!@!@ENDMSG 2221 @!@!@
@!@!@STARTMSG 2221:0 @!@!@
  line 219, col 24 to line 219, col 25 of module PaxosCommit: 1015698
@!@!@ENDMSG 2221 @!@!@
@!@!@STARTMSG 2221:0 @!@!@
  line 218, col 21 to line 218, col 26 of module PaxosCommit: 169283
@!@!@ENDMSG 2221 @!@!@
@!@!@STARTMSG 2221:0 @!@!@
  line 218, col 36 to line 218, col 43 of module PaxosCommit: 169283
@!@!@ENDMSG 2221 @!@!@
@!@!@STARTMSG 2221:0 @!@!@
  line 221, col 38 to line 221, col 38 of module PaxosCommit: 169283
@!@!@ENDMSG 2221 @!@!@
@!@!@STARTMSG 2221:0 @!@!@
  line 221, col 25 to line 221, col 26 of module PaxosCommit: 119992
@!@!@ENDMSG 2221 @!@!@
@!@!@STARTMSG 2221:0 @!@!@
  line 222, col 16 to line 222, col 40 of module PaxosCommit: 73206
@!@!@ENDMSG 2221 @!@!@
@!@!@STARTMSG 2221:0 @!@!@
  line 219, col 29 to line 220, col 73 of module PaxosCommit: 2169933
@!@!@ENDMSG 2221 @!@!@
@!@!@STARTMSG 2221:0 @!@!@
  |line 219, col 29 to line 220, col 64 of module PaxosCommit: 1778429
@!@!@ENDMSG 2221 @!@!@
@!@!@STARTMSG 2221:0 @!@!@
  |line 220, col 70 to line 220, col 73 of module PaxosCommit: 1778429
@!@!@ENDMSG 2221 @!@!@
@!@!@STARTMSG 2221:0 @!@!@
  line 219, col 24 to line 219, col 25 of module PaxosCommit: 1439904
@!@!@ENDMSG 2221 @!@!@
@!@!@STARTMSG 2221:0 @!@!@
  line 218, col 21 to line 218, col 26 of module PaxosCommit: 239984
@!@!@ENDMSG 2221 @!@!@
@!@!@STARTMSG 2221:0 @!@!@
  line 218, col 36 to line 218, col 43 of module PaxosCommit: 239984
@!@!@ENDMSG 2221 @!@!@
@!@!@STARTMSG 2221:0 @!@!@
  line 223, col 38 to line 223, col 38 of module PaxosCommit: 239984
@!@!@ENDMSG 2221 @!@!@
@!@!@STARTMSG 2221:0 @!@!@
  line 223, col 25 to line 223, col 26 of module PaxosCommit: 119992
@!@!@ENDMSG 2221 @!@!@
@!@!@STARTMSG 2221:0 @!@!@
  line 224, col 16 to line 224, col 39 of module PaxosCommit: 195752
@!@!@ENDMSG 2221 @!@!@
@!@!@STARTMSG 2221:0 @!@!@
  line 225, col 6 to line 225, col 34 of module PaxosCommit: 268958
@!@!@ENDMSG 2221 @!@!@
@!@!@STARTMSG 2772:0 @!@!@
<Phase1b line 230, col 1 to line 230, col 12 of module PaxosCommit>: 19887:125081
@!@!@ENDMSG 2772 @!@!@
@!@!@STARTMSG 2221:0 @!@!@
  line 232, col 8 to line 232, col 25 of module PaxosCommit: 5793752
@!@!@ENDMSG 2221 @!@!@
@!@!@STARTMSG 2221:0 @!@!@
  |line 232, col 8 to line 232, col 13 of module PaxosCommit: 5668671
@!@!@ENDMSG 2221 @!@!@
@!@!@STARTMSG 2221:0 @!@!@
  line 233, col 8 to line 233, col 38 of module PaxosCommit: 125081
@!@!@ENDMSG 2221 @!@!@
@!@!@STARTMSG 2221:0 @!@!@
  |line 233, col 8 to line 233, col 30 of module PaxosCommit: 702351
@!@!@ENDMSG 2221 @!@!@
@!@!@STARTMSG 2221:0 @!@!@
  |line 233, col 34 to line 233, col 38 of module PaxosCommit: 702351
@!@!@ENDMSG 2221 @!@!@
@!@!@STARTMSG 2221:0 @!@!@
  line 234, col 8 to line 234, col 59 of module PaxosCommit: 125081
@!@!@ENDMSG 2221 @!@!@
@!@!@STARTMSG 2221:0 @!@!@
  line 235, col 8 to line 240, col 27 of module PaxosCommit: 125081
@!@!@ENDMSG 2221 @!@!@
@!@!@STARTMSG 2221:0 @!@!@
  line 241, col 8 to line 241, col 24 of module PaxosCommit: 125081
@!@!@ENDMSG 2221 @!@!@
@!@!@STARTMSG 2221:0 @!@!@
  line 231, col 12 to line 231, col 15 of module PaxosCommit: 359976
@!@!@ENDMSG 2221 @!@!@
@!@!@STARTMSG 2772:0 @!@!@
<Phase2b line 243, col 1 to line 243, col 12 of module PaxosCommit>: 84210:711509
@!@!@ENDMSG 2772 @!@!@
@!@!@STARTMSG 2221:0 @!@!@
  line 245, col 11 to line 245, col 28 of module PaxosCommit: 6380180
@!@!@ENDMSG 2221 @!@!@
@!@!@STARTMSG 2221:0 @!@!@
  |line 245, col 11 to line 245, col 16 of module PaxosCommit: 5668671
@!@!@ENDMSG 2221 @!@!@
@!@!@STARTMSG 2221:0 @!@!@
  line 246, col 11 to line 246, col 44 of module PaxosCommit: 711509
@!@!@ENDMSG 2221 @!@!@
@!@!@STARTMSG 2221:0 @!@!@
  |line 246, col 11 to line 246, col 33 of module PaxosCommit: 1249659
@!@!@ENDMSG 2221 @!@!@
@!@!@STARTMSG 2221:0 @!@!@
  |line 246, col 40 to line 246, col 44 of module PaxosCommit: 1249659
@!@!@ENDMSG 2221 @!@!@
@!@!@STARTMSG 2221:0 @!@!@
  line 247, col 11 to line 249, col 62 of module PaxosCommit: 711509
@!@!@ENDMSG 2221 @!@!@
@!@!@STARTMSG 2221:0 @!@!@
  line 250, col 11 to line 251, col 46 of module PaxosCommit: 711509
@!@!@ENDMSG 2221 @!@!@
@!@!@STARTMSG 2221:0 @!@!@
  line 244, col 15 to line 244, col 18 of module PaxosCommit: 359976
@!@!@ENDMSG 2221 @!@!@
@!@!@STARTMSG 2221:0 @!@!@
  line 252, col 6 to line 252, col 22 of module PaxosCommit: 711509
@!@!@ENDMSG 2221 @!@!@
@!@!@STARTMSG 2202:0 @!@!@
End of statistics.
@!@!@ENDMSG 2202 @!@!@
@!@!@STARTMSG 2200:0 @!@!@
Progress(28) at 2026-09-19 15:07:17: 1,545,109 states generated (6,799,658 s/min), 119,992 distinct states found (528,056 ds/min), 0 states left on queue.
@!@!@ENDMSG 2200 @!@!@
@!@!@STARTMSG 2199:0 @!@!@
1545109 states generated, 119992 distinct states found, 0 states left on queue.
@!@!@ENDMSG 2199 @!@!@
@!@!@STARTMSG 2194:0 @!@!@
The depth of the complete state graph search is 28.
@!@!@ENDMSG 2194 @!@!@
@!@!@STARTMSG 2268:0 @!@!@
The average outdegree of the complete state graph is 1 (minimum is 0, the maximum 10 and the 95th percentile is 3).
@!@!@ENDMSG 2268 @!@!@
@!@!@STARTMSG 2186:0 @!@!@
Finished in 13645ms at (2026-09-19 15:07:17)
@!@!@ENDMSG 2186 @!@!@
